#-----------------------------------------------------------
# Vivado v2018.3 (64-bit)
# SW Build 2405991 on Thu Dec  6 23:38:27 MST 2018
# IP Build 2404404 on Fri Dec  7 01:43:56 MST 2018
# Start of session at: Mon Feb 24 09:57:11 2020
# Process ID: 9192
# Current directory: U:/Desktop/ECE437SP2020/lab5
# Command line: vivado.exe -gui_launcher_event rodinguilauncherevent9248 U:\Desktop\ECE437SP2020\lab5\lab5.xpr
# Log file: U:/Desktop/ECE437SP2020/lab5/vivado.log
# Journal file: U:/Desktop/ECE437SP2020/lab5\vivado.jou
#-----------------------------------------------------------
start_gui
open_project U:/Desktop/ECE437SP2020/lab5/lab5.xpr
update_compile_order -fileset sources_1
open_hw
connect_hw_server -url localhost:3121
current_hw_target [get_hw_targets */xilinx_tcf/Xilinx/00001b3b91ac01]
set_property PARAM.FREQUENCY 3000000 [get_hw_targets */xilinx_tcf/Xilinx/00001b3b91ac01]
open_hw_target
set_property PROGRAM.FILE {U:/Desktop/ECE437SP2020/lab5/lab5.runs/impl_1/JTEG_Test_File.bit} [get_hw_devices xc7a75t_0]
set_property PROBES.FILE {U:/Desktop/ECE437SP2020/lab5/lab5.runs/impl_1/JTEG_Test_File.ltx} [get_hw_devices xc7a75t_0]
set_property FULL_PROBES.FILE {U:/Desktop/ECE437SP2020/lab5/lab5.runs/impl_1/JTEG_Test_File.ltx} [get_hw_devices xc7a75t_0]
current_hw_device [get_hw_devices xc7a75t_0]
refresh_hw_device [lindex [get_hw_devices xc7a75t_0] 0]
set_property PROBES.FILE {U:/Desktop/ECE437SP2020/lab5/lab5.runs/impl_1/JTEG_Test_File.ltx} [get_hw_devices xc7a75t_0]
set_property FULL_PROBES.FILE {U:/Desktop/ECE437SP2020/lab5/lab5.runs/impl_1/JTEG_Test_File.ltx} [get_hw_devices xc7a75t_0]
set_property PROGRAM.FILE {U:/Desktop/ECE437SP2020/lab5/lab5.runs/impl_1/JTEG_Test_File.bit} [get_hw_devices xc7a75t_0]
program_hw_devices [get_hw_devices xc7a75t_0]
refresh_hw_device [lindex [get_hw_devices xc7a75t_0] 0]
display_hw_ila_data [ get_hw_ila_data hw_ila_data_1 -of_objects [get_hw_ilas -of_objects [get_hw_devices xc7a75t_0] -filter {CELL_NAME=~"ila_sample12"}]]
run_hw_ila [get_hw_ilas -of_objects [get_hw_devices xc7a75t_0] -filter {CELL_NAME=~"ila_sample12"}]
wait_on_hw_ila [get_hw_ilas -of_objects [get_hw_devices xc7a75t_0] -filter {CELL_NAME=~"ila_sample12"}]
display_hw_ila_data [upload_hw_ila_data [get_hw_ilas -of_objects [get_hw_devices xc7a75t_0] -filter {CELL_NAME=~"ila_sample12"}]]
reset_run synth_1
launch_runs impl_1 -to_step write_bitstream -jobs 2
wait_on_run impl_1
open_run impl_1
run_hw_ila [get_hw_ilas -of_objects [get_hw_devices xc7a75t_0] -filter {CELL_NAME=~"ila_sample12"}]
wait_on_hw_ila -timeout 0 [get_hw_ilas -of_objects [get_hw_devices xc7a75t_0] -filter {CELL_NAME=~"ila_sample12"}]
upload_hw_ila_data [get_hw_ilas -of_objects [get_hw_devices xc7a75t_0] -filter {CELL_NAME=~"ila_sample12"}]
set_property PROBES.FILE {U:/Desktop/ECE437SP2020/lab5/lab5.runs/impl_1/JTEG_Test_File.ltx} [get_hw_devices xc7a75t_0]
set_property FULL_PROBES.FILE {U:/Desktop/ECE437SP2020/lab5/lab5.runs/impl_1/JTEG_Test_File.ltx} [get_hw_devices xc7a75t_0]
set_property PROGRAM.FILE {U:/Desktop/ECE437SP2020/lab5/lab5.runs/impl_1/JTEG_Test_File.bit} [get_hw_devices xc7a75t_0]
program_hw_devices [get_hw_devices xc7a75t_0]
refresh_hw_device [lindex [get_hw_devices xc7a75t_0] 0]
run_hw_ila [get_hw_ilas -of_objects [get_hw_devices xc7a75t_0] -filter {CELL_NAME=~"ila_sample12"}]
wait_on_hw_ila [get_hw_ilas -of_objects [get_hw_devices xc7a75t_0] -filter {CELL_NAME=~"ila_sample12"}]
display_hw_ila_data [upload_hw_ila_data [get_hw_ilas -of_objects [get_hw_devices xc7a75t_0] -filter {CELL_NAME=~"ila_sample12"}]]
